// Jest Snapshot v1, https://goo.gl/fbAQLP

exports[`Tooltip Button child trigger renders as expected 1`] = `
<Button
  block={false}
  disabled={false}
  passthroughProps={
    Object {
      "aria-describedby": "tooltip-3",
    }
  }
  variant="primary"
>
  trigger
</Button>
`;

exports[`Tooltip DOM element child renders as expected 1`] = `
<PopoverTrigger
  content={
    <div
      className="px12 py6 txt-s"
    >
      DOM element child
    </div>
  }
  disabled={false}
  display="inline-block"
  popoverProps={
    Object {
      "alignment": "center",
      "coloring": "light",
      "hasPointer": true,
      "hideWhenAnchorIsOffscreen": true,
      "padded": false,
      "passthroughProps": Object {
        "id": "tooltip-1",
        "role": "tooltip",
      },
      "placement": "top",
    }
  }
  receiveFocus={false}
  renderHiddenContent={true}
  respondsToClick={false}
  respondsToFocus={true}
  respondsToHover={true}
  trapFocus={false}
>
  <span
    aria-describedby="tooltip-1"
  >
    trigger
  </span>
</PopoverTrigger>
`;

exports[`Tooltip all props trigger renders as expected 1`] = `
<div
  aria-describedby="tooltip-4"
>
  test tooltip
</div>
`;

exports[`Tooltip function child trigger renders as expected 1`] = `
<CustomThing
  aria-describedby="tooltip-2"
>
  trigger
</CustomThing>
`;
