// Jest Snapshot v1, https://goo.gl/fbAQLP

exports[`Invalid password missing multiple password rules returns correct error messages 1`] = `
<body>
  <div>
    <ul
      class="list-group"
    >
      <li
        class="list-group-item"
      >
        Password must be at least eight characters long.
      </li>
      <li
        class="list-group-item"
      >
        Password must have a lowercase letter.
      </li>
      <li
        class="list-group-item"
      >
        Password must have an uppercase letter.
      </li>
      <li
        class="list-group-item"
      >
        Password must have a number.
      </li>
    </ul>
  </div>
</body>
`;
